[task start Mon 09/08/2025 17:35:12.16] 
'aws' is not recognized as an internal or external command,
operable program or batch file.
Exception in thread Thread-5:
Traceback (most recent call last):
  File "C:\Users\jaden\anaconda3\envs\siteEnv\lib\threading.py", line 980, in _bootstrap_inner
    self.run()
  File "C:\Users\jaden\anaconda3\envs\siteEnv\lib\threading.py", line 1306, in run
    self.function(*self.args, **self.kwargs)
  File "C:\Users\jaden\AWS-Portfolio\resume_watcher.py", line 73, in run_actions
    upload_to_s3()
  File "C:\Users\jaden\AWS-Portfolio\resume_watcher.py", line 42, in upload_to_s3
    sh(
  File "C:\Users\jaden\AWS-Portfolio\resume_watcher.py", line 36, in sh
    return subprocess.run(cmd, shell=True, check=check)
  File "C:\Users\jaden\anaconda3\envs\siteEnv\lib\subprocess.py", line 528, in run
    raise CalledProcessError(retcode, process.args,
subprocess.CalledProcessError: Command 'aws s3 cp "C:\Users\jaden\AWS-Portfolio\site\resume\Resume.pdf" "s3://portfolio-jaden/resume/Resume.pdf" --region us-east-2 --content-type application/pdf --cache-control "no-cache, no-store, must-revalidate" --metadata-directive REPLACE' returned non-zero exit status 1.
^C[task start Mon 09/08/2025 17:57:48.88] 
Completed 204.9 KiB/204.9 KiB (303.0 KiB/s) with 1 file(s) remainingupload: site\resume\Resume.pdf to s3://portfolio-jaden/resume/Resume.pdf
[main 209e2da] chore: update resume (2025-09-08 17:58:02)
 1 file changed, 0 insertions(+), 0 deletions(-)
To https://github.com/jmcclary27/AWS-Portfolio.git
   b3bbc5d..209e2da  main -> main
Completed 204.9 KiB/204.9 KiB (306.7 KiB/s) with 1 file(s) remainingupload: site\resume\Resume.pdf to s3://portfolio-jaden/resume/Resume.pdf
[task start Mon 09/08/2025 18:15:18.89] 
^C[task start Mon 09/08/2025 18:19:12.73] 
^C[task start Mon 09/08/2025 18:19:53.47] 
^C